../Core/Src/nrf24l01.c:9:19:NRF24L01_Init	16	static
../Core/Src/nrf24l01.c:33:19:NRF24L01_WriteCSN	16	static
../Core/Src/nrf24l01.c:38:19:NRF24L01_WriteCE	16	static
../Core/Src/nrf24l01.c:43:19:NRF24L01_GetStatus	24	static
../Core/Src/nrf24l01.c:53:19:NRF24L01_ReadRegister	24	static
../Core/Src/nrf24l01.c:66:19:NRF24L01_SetRxAddr	24	static
../Core/Src/nrf24l01.c:150:19:NRF24L01_SetTxAddr	24	static
../Core/Src/nrf24l01.c:169:19:NRF24L01_WriteRegister	24	static
../Core/Src/nrf24l01.c:183:19:NFR24L01_SendCommand	24	static
../Core/Src/nrf24l01.c:192:19:NFR24L01_FlushTx	8	static
../Core/Src/nrf24l01.c:196:19:NFR24L01_FlushRx	8	static
../Core/Src/nrf24l01.c:200:19:NFR24L01_SetChannel	16	static
../Core/Src/nrf24l01.c:205:19:NRF24L01_Reset	40	static
../Core/Src/nrf24l01.c:263:19:NRF24L01_SetTxMode	24	static
../Core/Src/nrf24l01.c:277:19:NRF24L01_SetRxMode	24	static
../Core/Src/nrf24l01.c:333:19:NRF24L01_WritePayload	56	static
../Core/Src/nrf24l01.c:364:19:NRF24L01_ReadPayload	64	static
../Core/Src/nrf24l01.c:378:9:NF24L01_IsDataAvailable	24	static
